[www.mini-rogue-app.com/index.html]
[use.fontawesome.com/releases/v5.2.0/css/all.css]
[backblue.gif]
[fade.gif]
[index.html]
[cdn.jsdelivr.net/npm/@mdi/font@5.8.55/css/materialdesignicons.min.css]
[www.mini-rogue-app.com/css/app.cb23e04b.css]
[www.mini-rogue-app.com/css/chunk-vendors.5a817fa5.css]
[www.mini-rogue-app.com/js/app.74be5d25.js]
[www.mini-rogue-app.com/js/chunk-vendors.0a532c68.js]
[www.mini-rogue-app.com/img/icons/favicon-32x32.png]
[www.mini-rogue-app.com/img/icons/favicon-16x16.png]
[www.mini-rogue-app.com/manifest.json]
[www.mini-rogue-app.com/img/icons/apple-touch-icon-152x152.png]
[www.mini-rogue-app.com/img/icons/msapplication-icon-144x144.png]
[www.mini-rogue-app.com/index.html]
[use.fontawesome.com/releases/v5.2.0/css/all.css]
[cdn.jsdelivr.net/npm/@mdi/font@5.8.55/css/materialdesignicons.min.css]
[www.mini-rogue-app.com/img/seal_boss.e4b71db6.svg]
[www.mini-rogue-app.com/img/seal_monster.e8280a37.svg]
[www.mini-rogue-app.com/fonts/IMFellEnglish-Regular.74dd8478.ttf]
[www.mini-rogue-app.com/fonts/IMFellEnglish-Italic.4da97789.ttf]
[www.mini-rogue-app.com/img/bkgd.5aaf1dd9.png]
[www.mini-rogue-app.com/fonts/mr_icons.5d926d04.eot]
[www.mini-rogue-app.com/fonts/mr_icons.499fb6e6.ttf]
[www.mini-rogue-app.com/fonts/mr_icons.5b2b2bf4.woff]
[www.mini-rogue-app.com/img/mr_icons.efec8c79.svg]
[www.mini-rogue-app.com/fonts/Ahmet Altun - HalisR-Regular.fd4b9f16.otf]
[www.mini-rogue-app.com/fonts/Ahmet Altun - HalisR-Bold.7a79b1c0.otf]
[www.mini-rogue-app.com/fonts/Ahmet Altun - HalisR-Black.9dac9701.otf]
[www.mini-rogue-app.com/fonts/Ahmet Altun - HalisR-SRegular.4b542cca.otf]
[www.mini-rogue-app.com/fonts/Ahmet Altun - HalisR-SBold.8ce829f1.otf]
[www.mini-rogue-app.com/css/app.cb23e04b.css]
[www.mini-rogue-app.com/css/chunk-vendors.5a817fa5.css]
[www.mini-rogue-app.com/img/icons/safari-pinned-tab.svg]
[www.mini-rogue-app.com/img/seal_boss.e4b71db6.svg]
[www.mini-rogue-app.com/img/seal_monster.e8280a37.svg]
[www.mini-rogue-app.com/img/mr_icons.efec8c79.svg]
[www.mini-rogue-app.com/fonts/Ahmet Altun - HalisR-SBlack.8aefae04.otf]
